// Jest Snapshot v1, https://jestjs.io/docs/snapshot-testing

exports[`FleetProcessingStack matches the infrastructure snapshot 1`] = `
{
  "Parameters": {
    "BootstrapVersion": {
      "Default": "/cdk-bootstrap/hnb659fds/version",
      "Description": "Version of the CDK Bootstrap resources in this environment, automatically retrieved from SSM Parameter Store. [cdk:skip]",
      "Type": "AWS::SSM::Parameter::Value<String>",
    },
  },
  "Resources": {
    "FleetEventBusBA3591F6": {
      "Properties": {
        "Name": "fleet-event-bus",
      },
      "Type": "AWS::Events::EventBus",
    },
    "FleetEventDLQC7A7C181": {
      "DeletionPolicy": "Delete",
      "Properties": {
        "MessageRetentionPeriod": 1209600,
        "QueueName": "fleet-event-dlq",
      },
      "Type": "AWS::SQS::Queue",
      "UpdateReplacePolicy": "Delete",
    },
    "FleetEventDLQPolicy4E368515": {
      "Properties": {
        "PolicyDocument": {
          "Statement": [
            {
              "Action": "sqs:SendMessage",
              "Condition": {
                "ArnEquals": {
                  "aws:SourceArn": {
                    "Fn::GetAtt": [
                      "FleetUpdateRule767152C1",
                      "Arn",
                    ],
                  },
                },
              },
              "Effect": "Allow",
              "Principal": {
                "Service": "events.amazonaws.com",
              },
              "Resource": {
                "Fn::GetAtt": [
                  "FleetEventDLQC7A7C181",
                  "Arn",
                ],
              },
              "Sid": "AllowEventRuleTestStackFleetUpdateRuleAA4B0CA6",
            },
          ],
          "Version": "2012-10-17",
        },
        "Queues": [
          {
            "Ref": "FleetEventDLQC7A7C181",
          },
        ],
      },
      "Type": "AWS::SQS::QueuePolicy",
    },
    "FleetEventHandler5F53CACE": {
      "DependsOn": [
        "FleetEventHandlerServiceRoleDefaultPolicyB277B666",
        "FleetEventHandlerServiceRole86EF7930",
      ],
      "Properties": {
        "Code": {
          "S3Bucket": {
            "Fn::Sub": "cdk-hnb659fds-assets-\${AWS::AccountId}-\${AWS::Region}",
          },
          "S3Key": "[asset-hash]",
        },
        "DeadLetterConfig": {
          "TargetArn": {
            "Fn::GetAtt": [
              "FleetEventDLQC7A7C181",
              "Arn",
            ],
          },
        },
        "Environment": {
          "Variables": {
            "MONGODB_URI": "mongodb://localhost:27017/fleet",
          },
        },
        "Handler": "index.handler",
        "MemorySize": 512,
        "Role": {
          "Fn::GetAtt": [
            "FleetEventHandlerServiceRole86EF7930",
            "Arn",
          ],
        },
        "Runtime": "nodejs22.x",
      },
      "Type": "AWS::Lambda::Function",
    },
    "FleetEventHandlerServiceRole86EF7930": {
      "Properties": {
        "AssumeRolePolicyDocument": {
          "Statement": [
            {
              "Action": "sts:AssumeRole",
              "Effect": "Allow",
              "Principal": {
                "Service": "lambda.amazonaws.com",
              },
            },
          ],
          "Version": "2012-10-17",
        },
        "ManagedPolicyArns": [
          {
            "Fn::Join": [
              "",
              [
                "arn:",
                {
                  "Ref": "AWS::Partition",
                },
                ":iam::aws:policy/service-role/AWSLambdaBasicExecutionRole",
              ],
            ],
          },
        ],
      },
      "Type": "AWS::IAM::Role",
    },
    "FleetEventHandlerServiceRoleDefaultPolicyB277B666": {
      "Properties": {
        "PolicyDocument": {
          "Statement": [
            {
              "Action": "sqs:SendMessage",
              "Effect": "Allow",
              "Resource": {
                "Fn::GetAtt": [
                  "FleetEventDLQC7A7C181",
                  "Arn",
                ],
              },
            },
          ],
          "Version": "2012-10-17",
        },
        "PolicyName": "FleetEventHandlerServiceRoleDefaultPolicyB277B666",
        "Roles": [
          {
            "Ref": "FleetEventHandlerServiceRole86EF7930",
          },
        ],
      },
      "Type": "AWS::IAM::Policy",
    },
    "FleetUpdateRule767152C1": {
      "Properties": {
        "EventBusName": {
          "Ref": "FleetEventBusBA3591F6",
        },
        "EventPattern": {
          "detail-type": [
            "FleetBaseDataUpdate",
          ],
          "source": [
            "fleet.updates",
          ],
        },
        "State": "ENABLED",
        "Targets": [
          {
            "Arn": {
              "Fn::GetAtt": [
                "FleetEventHandler5F53CACE",
                "Arn",
              ],
            },
            "DeadLetterConfig": {
              "Arn": {
                "Fn::GetAtt": [
                  "FleetEventDLQC7A7C181",
                  "Arn",
                ],
              },
            },
            "Id": "Target0",
            "RetryPolicy": {
              "MaximumRetryAttempts": 2,
            },
          },
        ],
      },
      "Type": "AWS::Events::Rule",
    },
    "FleetUpdateRuleAllowEventRuleTestStackFleetEventHandler4EA5811C6D5F79DF": {
      "Properties": {
        "Action": "lambda:InvokeFunction",
        "FunctionName": {
          "Fn::GetAtt": [
            "FleetEventHandler5F53CACE",
            "Arn",
          ],
        },
        "Principal": "events.amazonaws.com",
        "SourceArn": {
          "Fn::GetAtt": [
            "FleetUpdateRule767152C1",
            "Arn",
          ],
        },
      },
      "Type": "AWS::Lambda::Permission",
    },
  },
  "Rules": {
    "CheckBootstrapVersion": {
      "Assertions": [
        {
          "Assert": {
            "Fn::Not": [
              {
                "Fn::Contains": [
                  [
                    "1",
                    "2",
                    "3",
                    "4",
                    "5",
                  ],
                  {
                    "Ref": "BootstrapVersion",
                  },
                ],
              },
            ],
          },
          "AssertDescription": "CDK bootstrap stack version 6 required. Please run 'cdk bootstrap' with a recent version of the CDK CLI.",
        },
      ],
    },
  },
}
`;
